------------------------------------------------------------
TimeQuest Timing Analyzer Summary
------------------------------------------------------------

Type  : Slow 1100mV 85C Model Setup 'clk_vga'
Slack : -8.772
TNS   : -201.639

Type  : Slow 1100mV 85C Model Setup 'camera|Inst_four_clocks_pll|altpll_component|auto_generated|generic_pll2~PLL_OUTPUT_COUNTER|divclk'
Slack : -8.032
TNS   : -15305.544

Type  : Slow 1100mV 85C Model Setup 'CLOCK_50'
Slack : -5.746
TNS   : -121.861

Type  : Slow 1100mV 85C Model Setup 'camera|Inst_four_clocks_pll|altpll_component|auto_generated|generic_pll3~PLL_OUTPUT_COUNTER|divclk'
Slack : 4.668
TNS   : 0.000

Type  : Slow 1100mV 85C Model Setup 'camera|Inst_four_clocks_pll|altpll_component|auto_generated|generic_pll1~PLL_OUTPUT_COUNTER|divclk'
Slack : 6.172
TNS   : 0.000

Type  : Slow 1100mV 85C Model Setup 'altera_reserved_tck'
Slack : 10.300
TNS   : 0.000

Type  : Slow 1100mV 85C Model Hold 'altera_reserved_tck'
Slack : 0.156
TNS   : 0.000

Type  : Slow 1100mV 85C Model Hold 'camera|Inst_four_clocks_pll|altpll_component|auto_generated|generic_pll3~PLL_OUTPUT_COUNTER|divclk'
Slack : 0.287
TNS   : 0.000

Type  : Slow 1100mV 85C Model Hold 'camera|Inst_four_clocks_pll|altpll_component|auto_generated|generic_pll1~PLL_OUTPUT_COUNTER|divclk'
Slack : 0.295
TNS   : 0.000

Type  : Slow 1100mV 85C Model Hold 'CLOCK_50'
Slack : 0.360
TNS   : 0.000

Type  : Slow 1100mV 85C Model Hold 'camera|Inst_four_clocks_pll|altpll_component|auto_generated|generic_pll2~PLL_OUTPUT_COUNTER|divclk'
Slack : 0.363
TNS   : 0.000

Type  : Slow 1100mV 85C Model Hold 'clk_vga'
Slack : 3.855
TNS   : 0.000

Type  : Slow 1100mV 85C Model Recovery 'altera_reserved_tck'
Slack : 36.576
TNS   : 0.000

Type  : Slow 1100mV 85C Model Recovery 'camera|Inst_four_clocks_pll|altpll_component|auto_generated|generic_pll2~PLL_OUTPUT_COUNTER|divclk'
Slack : 37.206
TNS   : 0.000

Type  : Slow 1100mV 85C Model Removal 'altera_reserved_tck'
Slack : 0.444
TNS   : 0.000

Type  : Slow 1100mV 85C Model Removal 'camera|Inst_four_clocks_pll|altpll_component|auto_generated|generic_pll2~PLL_OUTPUT_COUNTER|divclk'
Slack : 1.667
TNS   : 0.000

Type  : Slow 1100mV 85C Model Minimum Pulse Width 'camera|Inst_four_clocks_pll|altpll_component|auto_generated|generic_pll1~FRACTIONAL_PLL|vcoph[0]'
Slack : 1.666
TNS   : 0.000

Type  : Slow 1100mV 85C Model Minimum Pulse Width 'camera|Inst_four_clocks_pll|altpll_component|auto_generated|generic_pll1~PLL_OUTPUT_COUNTER|divclk'
Slack : 4.277
TNS   : 0.000

Type  : Slow 1100mV 85C Model Minimum Pulse Width 'camera|Inst_four_clocks_pll|altpll_component|auto_generated|generic_pll3~PLL_OUTPUT_COUNTER|divclk'
Slack : 8.781
TNS   : 0.000

Type  : Slow 1100mV 85C Model Minimum Pulse Width 'CLOCK_50'
Slack : 8.885
TNS   : 0.000

Type  : Slow 1100mV 85C Model Minimum Pulse Width 'altera_reserved_tck'
Slack : 18.488
TNS   : 0.000

Type  : Slow 1100mV 85C Model Minimum Pulse Width 'camera|Inst_four_clocks_pll|altpll_component|auto_generated|generic_pll2~PLL_OUTPUT_COUNTER|divclk'
Slack : 18.753
TNS   : 0.000

Type  : Slow 1100mV 0C Model Setup 'clk_vga'
Slack : -8.488
TNS   : -197.625

Type  : Slow 1100mV 0C Model Setup 'camera|Inst_four_clocks_pll|altpll_component|auto_generated|generic_pll2~PLL_OUTPUT_COUNTER|divclk'
Slack : -7.977
TNS   : -14837.677

Type  : Slow 1100mV 0C Model Setup 'CLOCK_50'
Slack : -5.583
TNS   : -117.603

Type  : Slow 1100mV 0C Model Setup 'camera|Inst_four_clocks_pll|altpll_component|auto_generated|generic_pll3~PLL_OUTPUT_COUNTER|divclk'
Slack : 4.919
TNS   : 0.000

Type  : Slow 1100mV 0C Model Setup 'camera|Inst_four_clocks_pll|altpll_component|auto_generated|generic_pll1~PLL_OUTPUT_COUNTER|divclk'
Slack : 6.162
TNS   : 0.000

Type  : Slow 1100mV 0C Model Setup 'altera_reserved_tck'
Slack : 10.440
TNS   : 0.000

Type  : Slow 1100mV 0C Model Hold 'altera_reserved_tck'
Slack : 0.142
TNS   : 0.000

Type  : Slow 1100mV 0C Model Hold 'camera|Inst_four_clocks_pll|altpll_component|auto_generated|generic_pll1~PLL_OUTPUT_COUNTER|divclk'
Slack : 0.268
TNS   : 0.000

Type  : Slow 1100mV 0C Model Hold 'camera|Inst_four_clocks_pll|altpll_component|auto_generated|generic_pll3~PLL_OUTPUT_COUNTER|divclk'
Slack : 0.277
TNS   : 0.000

Type  : Slow 1100mV 0C Model Hold 'camera|Inst_four_clocks_pll|altpll_component|auto_generated|generic_pll2~PLL_OUTPUT_COUNTER|divclk'
Slack : 0.365
TNS   : 0.000

Type  : Slow 1100mV 0C Model Hold 'CLOCK_50'
Slack : 0.376
TNS   : 0.000

Type  : Slow 1100mV 0C Model Hold 'clk_vga'
Slack : 3.622
TNS   : 0.000

Type  : Slow 1100mV 0C Model Recovery 'altera_reserved_tck'
Slack : 36.741
TNS   : 0.000

Type  : Slow 1100mV 0C Model Recovery 'camera|Inst_four_clocks_pll|altpll_component|auto_generated|generic_pll2~PLL_OUTPUT_COUNTER|divclk'
Slack : 37.303
TNS   : 0.000

Type  : Slow 1100mV 0C Model Removal 'altera_reserved_tck'
Slack : 0.393
TNS   : 0.000

Type  : Slow 1100mV 0C Model Removal 'camera|Inst_four_clocks_pll|altpll_component|auto_generated|generic_pll2~PLL_OUTPUT_COUNTER|divclk'
Slack : 1.582
TNS   : 0.000

Type  : Slow 1100mV 0C Model Minimum Pulse Width 'camera|Inst_four_clocks_pll|altpll_component|auto_generated|generic_pll1~FRACTIONAL_PLL|vcoph[0]'
Slack : 1.666
TNS   : 0.000

Type  : Slow 1100mV 0C Model Minimum Pulse Width 'camera|Inst_four_clocks_pll|altpll_component|auto_generated|generic_pll1~PLL_OUTPUT_COUNTER|divclk'
Slack : 4.222
TNS   : 0.000

Type  : Slow 1100mV 0C Model Minimum Pulse Width 'camera|Inst_four_clocks_pll|altpll_component|auto_generated|generic_pll3~PLL_OUTPUT_COUNTER|divclk'
Slack : 8.765
TNS   : 0.000

Type  : Slow 1100mV 0C Model Minimum Pulse Width 'CLOCK_50'
Slack : 8.922
TNS   : 0.000

Type  : Slow 1100mV 0C Model Minimum Pulse Width 'altera_reserved_tck'
Slack : 18.488
TNS   : 0.000

Type  : Slow 1100mV 0C Model Minimum Pulse Width 'camera|Inst_four_clocks_pll|altpll_component|auto_generated|generic_pll2~PLL_OUTPUT_COUNTER|divclk'
Slack : 18.733
TNS   : 0.000

Type  : Fast 1100mV 85C Model Setup 'clk_vga'
Slack : -5.276
TNS   : -124.812

Type  : Fast 1100mV 85C Model Setup 'camera|Inst_four_clocks_pll|altpll_component|auto_generated|generic_pll2~PLL_OUTPUT_COUNTER|divclk'
Slack : -0.199
TNS   : -5.487

Type  : Fast 1100mV 85C Model Setup 'CLOCK_50'
Slack : 1.146
TNS   : 0.000

Type  : Fast 1100mV 85C Model Setup 'camera|Inst_four_clocks_pll|altpll_component|auto_generated|generic_pll3~PLL_OUTPUT_COUNTER|divclk'
Slack : 6.858
TNS   : 0.000

Type  : Fast 1100mV 85C Model Setup 'camera|Inst_four_clocks_pll|altpll_component|auto_generated|generic_pll1~PLL_OUTPUT_COUNTER|divclk'
Slack : 7.770
TNS   : 0.000

Type  : Fast 1100mV 85C Model Setup 'altera_reserved_tck'
Slack : 12.357
TNS   : 0.000

Type  : Fast 1100mV 85C Model Hold 'altera_reserved_tck'
Slack : 0.041
TNS   : 0.000

Type  : Fast 1100mV 85C Model Hold 'camera|Inst_four_clocks_pll|altpll_component|auto_generated|generic_pll3~PLL_OUTPUT_COUNTER|divclk'
Slack : 0.167
TNS   : 0.000

Type  : Fast 1100mV 85C Model Hold 'CLOCK_50'
Slack : 0.177
TNS   : 0.000

Type  : Fast 1100mV 85C Model Hold 'camera|Inst_four_clocks_pll|altpll_component|auto_generated|generic_pll1~PLL_OUTPUT_COUNTER|divclk'
Slack : 0.179
TNS   : 0.000

Type  : Fast 1100mV 85C Model Hold 'camera|Inst_four_clocks_pll|altpll_component|auto_generated|generic_pll2~PLL_OUTPUT_COUNTER|divclk'
Slack : 0.180
TNS   : 0.000

Type  : Fast 1100mV 85C Model Hold 'clk_vga'
Slack : 1.810
TNS   : 0.000

Type  : Fast 1100mV 85C Model Recovery 'altera_reserved_tck'
Slack : 37.583
TNS   : 0.000

Type  : Fast 1100mV 85C Model Recovery 'camera|Inst_four_clocks_pll|altpll_component|auto_generated|generic_pll2~PLL_OUTPUT_COUNTER|divclk'
Slack : 38.284
TNS   : 0.000

Type  : Fast 1100mV 85C Model Removal 'altera_reserved_tck'
Slack : 0.127
TNS   : 0.000

Type  : Fast 1100mV 85C Model Removal 'camera|Inst_four_clocks_pll|altpll_component|auto_generated|generic_pll2~PLL_OUTPUT_COUNTER|divclk'
Slack : 0.947
TNS   : 0.000

Type  : Fast 1100mV 85C Model Minimum Pulse Width 'camera|Inst_four_clocks_pll|altpll_component|auto_generated|generic_pll1~FRACTIONAL_PLL|vcoph[0]'
Slack : 1.666
TNS   : 0.000

Type  : Fast 1100mV 85C Model Minimum Pulse Width 'camera|Inst_four_clocks_pll|altpll_component|auto_generated|generic_pll1~PLL_OUTPUT_COUNTER|divclk'
Slack : 4.539
TNS   : 0.000

Type  : Fast 1100mV 85C Model Minimum Pulse Width 'CLOCK_50'
Slack : 8.482
TNS   : 0.000

Type  : Fast 1100mV 85C Model Minimum Pulse Width 'camera|Inst_four_clocks_pll|altpll_component|auto_generated|generic_pll3~PLL_OUTPUT_COUNTER|divclk'
Slack : 8.894
TNS   : 0.000

Type  : Fast 1100mV 85C Model Minimum Pulse Width 'altera_reserved_tck'
Slack : 18.165
TNS   : 0.000

Type  : Fast 1100mV 85C Model Minimum Pulse Width 'camera|Inst_four_clocks_pll|altpll_component|auto_generated|generic_pll2~PLL_OUTPUT_COUNTER|divclk'
Slack : 18.878
TNS   : 0.000

Type  : Fast 1100mV 0C Model Setup 'clk_vga'
Slack : -4.913
TNS   : -117.533

Type  : Fast 1100mV 0C Model Setup 'camera|Inst_four_clocks_pll|altpll_component|auto_generated|generic_pll2~PLL_OUTPUT_COUNTER|divclk'
Slack : 0.565
TNS   : 0.000

Type  : Fast 1100mV 0C Model Setup 'CLOCK_50'
Slack : 1.962
TNS   : 0.000

Type  : Fast 1100mV 0C Model Setup 'camera|Inst_four_clocks_pll|altpll_component|auto_generated|generic_pll3~PLL_OUTPUT_COUNTER|divclk'
Slack : 7.176
TNS   : 0.000

Type  : Fast 1100mV 0C Model Setup 'camera|Inst_four_clocks_pll|altpll_component|auto_generated|generic_pll1~PLL_OUTPUT_COUNTER|divclk'
Slack : 7.953
TNS   : 0.000

Type  : Fast 1100mV 0C Model Setup 'altera_reserved_tck'
Slack : 12.535
TNS   : 0.000

Type  : Fast 1100mV 0C Model Hold 'altera_reserved_tck'
Slack : 0.028
TNS   : 0.000

Type  : Fast 1100mV 0C Model Hold 'camera|Inst_four_clocks_pll|altpll_component|auto_generated|generic_pll3~PLL_OUTPUT_COUNTER|divclk'
Slack : 0.152
TNS   : 0.000

Type  : Fast 1100mV 0C Model Hold 'camera|Inst_four_clocks_pll|altpll_component|auto_generated|generic_pll1~PLL_OUTPUT_COUNTER|divclk'
Slack : 0.161
TNS   : 0.000

Type  : Fast 1100mV 0C Model Hold 'CLOCK_50'
Slack : 0.167
TNS   : 0.000

Type  : Fast 1100mV 0C Model Hold 'camera|Inst_four_clocks_pll|altpll_component|auto_generated|generic_pll2~PLL_OUTPUT_COUNTER|divclk'
Slack : 0.170
TNS   : 0.000

Type  : Fast 1100mV 0C Model Hold 'clk_vga'
Slack : 1.496
TNS   : 0.000

Type  : Fast 1100mV 0C Model Recovery 'altera_reserved_tck'
Slack : 37.851
TNS   : 0.000

Type  : Fast 1100mV 0C Model Recovery 'camera|Inst_four_clocks_pll|altpll_component|auto_generated|generic_pll2~PLL_OUTPUT_COUNTER|divclk'
Slack : 38.459
TNS   : 0.000

Type  : Fast 1100mV 0C Model Removal 'altera_reserved_tck'
Slack : 0.105
TNS   : 0.000

Type  : Fast 1100mV 0C Model Removal 'camera|Inst_four_clocks_pll|altpll_component|auto_generated|generic_pll2~PLL_OUTPUT_COUNTER|divclk'
Slack : 0.858
TNS   : 0.000

Type  : Fast 1100mV 0C Model Minimum Pulse Width 'camera|Inst_four_clocks_pll|altpll_component|auto_generated|generic_pll1~FRACTIONAL_PLL|vcoph[0]'
Slack : 1.666
TNS   : 0.000

Type  : Fast 1100mV 0C Model Minimum Pulse Width 'camera|Inst_four_clocks_pll|altpll_component|auto_generated|generic_pll1~PLL_OUTPUT_COUNTER|divclk'
Slack : 4.532
TNS   : 0.000

Type  : Fast 1100mV 0C Model Minimum Pulse Width 'CLOCK_50'
Slack : 8.438
TNS   : 0.000

Type  : Fast 1100mV 0C Model Minimum Pulse Width 'camera|Inst_four_clocks_pll|altpll_component|auto_generated|generic_pll3~PLL_OUTPUT_COUNTER|divclk'
Slack : 8.891
TNS   : 0.000

Type  : Fast 1100mV 0C Model Minimum Pulse Width 'altera_reserved_tck'
Slack : 18.156
TNS   : 0.000

Type  : Fast 1100mV 0C Model Minimum Pulse Width 'camera|Inst_four_clocks_pll|altpll_component|auto_generated|generic_pll2~PLL_OUTPUT_COUNTER|divclk'
Slack : 18.881
TNS   : 0.000

------------------------------------------------------------
